// Jest Snapshot v1, https://goo.gl/fbAQLP

exports[`Loader matches snapshot 1`] = `
.c0 {
  width: 40px;
  height: 40px;
  background-color: #333;
  margin: 100px auto;
  -webkit-animation: jTDNZI 1.2s infinite ease-in-out;
  -webkit-animation: cDEMHD 1.2s infinite ease-in-out;
  animation: cDEMHD 1.2s infinite ease-in-out;
}

<Loader>
  <styled.div>
    <div
      className="c0"
    />
  </styled.div>
</Loader>
`;
