// Jest Snapshot v1, https://goo.gl/fbAQLP

exports[`ProjectListItem  renders repo with matching snapshot 1`] = `
.c1 {
  color: #2096F3;
  font-size: 18px;
  font-weight: bold;
  -webkit-flex: 1;
  -ms-flex: 1;
  flex: 1;
  overflow: hidden;
  text-overflow: ellipsis;
  white-space: nowrap;
}

.c3 {
  font-size: 12px;
  font-style: italic;
  color: #90A4AE;
  -webkit-flex: 2;
  -ms-flex: 2;
  flex: 2;
  text-overflow: ellipsis;
  overflow: hidden;
  line-height: normal;
}

.c2 {
  font-size: 12px;
  -webkit-flex: 1;
  -ms-flex: 1;
  flex: 1;
  overflow: hidden;
  text-overflow: ellipsis;
  white-space: nowrap;
  overflow-wrap: break-word;
}

.c4 {
  padding-top: 5px;
  font-size: 10px;
  -webkit-flex: 1;
  -ms-flex: 1;
  flex: 1;
}

.c0 {
  height: 115px;
  display: -webkit-box;
  display: -webkit-flex;
  display: -ms-flexbox;
  display: flex;
  -webkit-flex-direction: column;
  -ms-flex-direction: column;
  flex-direction: column;
  padding-top: 10px;
  padding-left: 10px;
  border-width: 0px 0px 1px 0px;
  border-style: solid;
  border-color: #CCC;
  background-color: #FFFFFF;
  -webkit-transition: background-color 0.5s ease;
  transition: background-color 0.5s ease;
  cursor: pointer;
  overflow: hidden;
}

.c0 a {
  -webkit-flex-direction: column;
  -ms-flex-direction: column;
  flex-direction: column;
  display: -webkit-box;
  display: -webkit-flex;
  display: -ms-flexbox;
  display: flex;
  height: 100%;
  color: rgba(0,0,0,.87);
}

.c0 a:focus,
.c0 a:hover {
  text-decoration: none;
}

.c0:first-child {
  border-top-width: 0px;
  height: 130px;
}

.c0:first-child:before {
  content: 'HIGHLIGHTED';
  border: 1px solid #000;
  background-color: #cfd8dc;
  border-radius: 7px;
  padding: 0 5px 5px 5px;
  font-weight: bold;
  height: 14px;
  width: 95px;
}

.c0:hover {
  background-color: #BBDEFB;
}

.c5 {
  position: relative;
  top: 1px;
  display: inline-block;
  width: 12px;
  height: 12px;
  border-radius: 50%;
  background-color: #701516;
  margin-right: 3px;
}

<ProjectListItem
  repo={
    Object {
      "description": "Some repo description",
      "full_name": "Some Repo",
      "id": "1",
      "language": "Ruby",
      "name": "Repo",
    }
  }
>
  <styled.div
    key="1"
  >
    <div
      className="c0"
    >
      <a
        target="_blank"
      >
        <styled.div>
          <div
            className="c1"
          >
            Repo
          </div>
        </styled.div>
        <styled.div>
          <div
            className="c2"
          >
            Some Repo
          </div>
        </styled.div>
        <styled.div>
          <div
            className="c3"
          >
            Some repo description
          </div>
        </styled.div>
        <styled.div>
          <div
            className="c4"
          >
            <div>
              <styled.span
                color="#701516"
              >
                <span
                  className="c5"
                  color="#701516"
                />
              </styled.span>
              Ruby
            </div>
          </div>
        </styled.div>
      </a>
    </div>
  </styled.div>
</ProjectListItem>
`;
